// Jest Snapshot v1, https://goo.gl/fbAQLP

exports[`SearchKeyword can render 1`] = `
ShallowWrapper {
  "length": 1,
  Symbol(enzyme.__root__): [Circular],
  Symbol(enzyme.__unrendered__): <SearchKeywordInput
    onBlur={[MockFunction]}
  />,
  Symbol(enzyme.__renderer__): Object {
    "batchedUpdates": [Function],
    "getNode": [Function],
    "render": [Function],
    "simulateEvent": [Function],
    "unmount": [Function],
  },
  Symbol(enzyme.__node__): Object {
    "instance": null,
    "key": undefined,
    "nodeType": "host",
    "props": Object {
      "children": Array [
        "Filter by keyword ",
        <input
          onBlur={[Function]}
          onChange={[Function]}
          value=""
        />,
      ],
      "className": "row",
    },
    "ref": null,
    "rendered": Array [
      "Filter by keyword ",
      Object {
        "instance": null,
        "key": undefined,
        "nodeType": "host",
        "props": Object {
          "onBlur": [Function],
          "onChange": [Function],
          "value": "",
        },
        "ref": null,
        "rendered": null,
        "type": "input",
      },
    ],
    "type": "div",
  },
  Symbol(enzyme.__nodes__): Array [
    Object {
      "instance": null,
      "key": undefined,
      "nodeType": "host",
      "props": Object {
        "children": Array [
          "Filter by keyword ",
          <input
            onBlur={[Function]}
            onChange={[Function]}
            value=""
          />,
        ],
        "className": "row",
      },
      "ref": null,
      "rendered": Array [
        "Filter by keyword ",
        Object {
          "instance": null,
          "key": undefined,
          "nodeType": "host",
          "props": Object {
            "onBlur": [Function],
            "onChange": [Function],
            "value": "",
          },
          "ref": null,
          "rendered": null,
          "type": "input",
        },
      ],
      "type": "div",
    },
  ],
  Symbol(enzyme.__options__): Object {
    "adapter": ReactSixteenAdapter {
      "options": Object {
        "enableComponentDidUpdateOnSetState": true,
      },
    },
  },
}
`;
